This is LuaHBTeX, Version 1.21.0 (TeX Live 2025)  (format=lualatex 2025.3.11)  16 JUL 2026 20:49
 restricted system commands enabled.
 file:line:error style messages enabled.
**/Users/ayumu/Documents/GitHub/Brexit2026/04_tex/main/brexit.tex
(/Users/ayumu/Documents/GitHub/Brexit2026/04_tex/main/brexit.tex
LaTeX2e <2024-11-01> patch level 2
L3 programming layer <2025-01-18>
Lua module: luaotfload 2024-12-03 v3.29 Lua based OpenType font support
Lua module: lualibs 2023-07-13 v2.76 ConTeXt Lua standard libraries.
Lua module: lualibs-extended 2023-07-13 v2.76 ConTeXt Lua libraries -- extended collection.
luaotfload | conf : Root cache directory is "/Users/ayumu/Library/texlive/2025/texmf-var/luatex-cache/generic/names".
luaotfload | init : Loading fontloader "fontloader-2023-12-28.lua" from kpse-resolved path "/usr/local/texlive/2025/texmf-dist/tex/luatex/luaotfload/fontloader-2023-12-28.lua".
Lua-only attribute luaotfload@noligature = 1
luaotfload | init : Context OpenType loader version 3.134
Inserting `luaotfload.node_processor' in `pre_linebreak_filter'.
Inserting `luaotfload.node_processor' in `hpack_filter'.
Inserting `luaotfload.glyph_stream' in `glyph_stream_provider'.
Inserting `luaotfload.define_font' in `define_font'.
Lua-only attribute luaotfload_color_attribute = 2
luaotfload | conf : Root cache directory is "/Users/ayumu/Library/texlive/2025/texmf-var/luatex-cache/generic/names".
Inserting `luaotfload.harf.strip_prefix' in `find_opentype_file'.
Inserting `luaotfload.harf.strip_prefix' in `find_truetype_file'.
Removing  `luaotfload.glyph_stream' from `glyph_stream_provider'.
Inserting `luaotfload.harf.glyphstream' in `glyph_stream_provider'.
Inserting `luaotfload.harf.finalize_vlist' in `post_linebreak_filter'.
Inserting `luaotfload.harf.finalize_hlist' in `hpack_filter'.
Inserting `luaotfload.cleanup_files' in `wrapup_run'.
Inserting `luaotfload.harf.finalize_unicode' in `finish_pdffile'.
Inserting `luaotfload.glyphinfo' in `glyph_info'.
Lua-only attribute luaotfload.letterspace_done = 3
Inserting `luaotfload.aux.set_sscale_dimens' in `luaotfload.patch_font'.
Inserting `luaotfload.aux.set_font_index' in `luaotfload.patch_font'.
Inserting `luaotfload.aux.patch_cambria_domh' in `luaotfload.patch_font'.
Inserting `luaotfload.aux.fixup_fontdata' in `luaotfload.patch_font_unsafe'.
Inserting `luaotfload.aux.set_capheight' in `luaotfload.patch_font'.
Inserting `luaotfload.aux.set_xheight' in `luaotfload.patch_font'.
Inserting `luaotfload.rewrite_fontname' in `luaotfload.patch_font'.
Inserting `tracingstacklevels' in `input_level_string'. (./elsarticle.cls
Document Class: elsarticle 2020/11/20, 3.3: Elsevier Ltd
(/usr/local/texlive/2025/texmf-dist/tex/latex/l3kernel/expl3.sty
Package: expl3 2025-01-18 L3 programming layer (loader) 
 (/usr/local/texlive/2025/texmf-dist/tex/latex/l3backend/l3backend-luatex.def
File: l3backend-luatex.def 2024-05-08 L3 backend support: PDF output (LuaTeX)
\l__color_backend_stack_int=\count194
Inserting `l3color' in `luaotfload.parse_color'.
\l__pdf_internal_box=\box52
)) (/usr/local/texlive/2025/texmf-dist/tex/latex/l3packages/xparse/xparse.sty
Package: xparse 2024-08-16 L3 Experimental document command parser
) (/usr/local/texlive/2025/texmf-dist/tex/latex/etoolbox/etoolbox.sty
Package: etoolbox 2025/02/11 v2.5l e-TeX tools for LaTeX (JAW)
\etb@tempcnta=\count195
)
\@bls=\dimen140
 (/usr/local/texlive/2025/texmf-dist/tex/latex/base/article.cls
Document Class: article 2024/06/29 v1.4n Standard LaTeX document class
(/usr/local/texlive/2025/texmf-dist/tex/latex/base/size11.clo
File: size11.clo 2024/06/29 v1.4n Standard LaTeX file (size option)
luaotfload | db : Font names database loaded from /Users/ayumu/Library/texlive/2025/texmf-var/luatex-cache/generic/names/luaotfload-names.luc.gz)
\c@part=\count196
\c@section=\count197
\c@subsection=\count198
\c@subsubsection=\count199
\c@paragraph=\count266
\c@subparagraph=\count267
\c@figure=\count268
\c@table=\count269
\abovecaptionskip=\skip49
\belowcaptionskip=\skip50
\bibindent=\dimen141
) (/usr/local/texlive/2025/texmf-dist/tex/latex/graphics/graphicx.sty
Package: graphicx 2021/09/16 v1.2d Enhanced LaTeX Graphics (DPC,SPQR)
 (/usr/local/texlive/2025/texmf-dist/tex/latex/graphics/keyval.sty
Package: keyval 2022/05/29 v1.15 key=value parser (DPC)
\KV@toks@=\toks17
) (/usr/local/texlive/2025/texmf-dist/tex/latex/graphics/graphics.sty
Package: graphics 2024/08/06 v1.4g Standard LaTeX Graphics (DPC,SPQR)
 (/usr/local/texlive/2025/texmf-dist/tex/latex/graphics/trig.sty
Package: trig 2023/12/02 v1.11 sin cos tan (DPC)
) (/usr/local/texlive/2025/texmf-dist/tex/latex/graphics-cfg/graphics.cfg
File: graphics.cfg 2016/06/04 v1.11 sample graphics configuration
)
Package graphics Info: Driver file: luatex.def on input line 106.
 (/usr/local/texlive/2025/texmf-dist/tex/latex/graphics-def/luatex.def
File: luatex.def 2024/04/13 v1.2e Graphics/color driver for luatex
))
\Gin@req@height=\dimen142
\Gin@req@width=\dimen143
)
\c@tnote=\count270
\c@fnote=\count271
\c@cnote=\count272
\c@ead=\count273
\c@author=\count274
\@eadauthor=\toks18
\c@affn=\count275
\absbox=\box53
\elsarticlehighlightsbox=\box54
\elsarticlegrabsbox=\box55
\keybox=\box56
\Columnwidth=\dimen144
\space@left=\dimen145
\els@boxa=\box57
\els@boxb=\box58
\leftMargin=\dimen146
\@enLab=\toks19
\@sep=\skip51
\@@sep=\skip52
 (./brexit.spl) (/usr/local/texlive/2025/texmf-dist/tex/latex/natbib/natbib.sty
Package: natbib 2010/09/13 8.31b (PWD, AO)
\bibhang=\skip53
\bibsep=\skip54
LaTeX Info: Redefining \cite on input line 694.
\c@NAT@ctr=\count276
)
\splwrite=\write3

\openout3 = brexit.spl
\appnamewidth=\dimen147
) (/usr/local/texlive/2025/texmf-dist/tex/latex/caption/caption.sty
Package: caption 2023/08/05 v3.6o Customizing captions (AR)
 (/usr/local/texlive/2025/texmf-dist/tex/latex/caption/caption3.sty
Package: caption3 2023/07/31 v2.4d caption3 kernel (AR)
\caption@tempdima=\dimen148
\captionmargin=\dimen149
\caption@leftmargin=\dimen150
\caption@rightmargin=\dimen151
\caption@width=\dimen152
\caption@indent=\dimen153
\caption@parindent=\dimen154
\caption@hangindent=\dimen155
Package caption Info: elsarticle document class detected.
 (/usr/local/texlive/2025/texmf-dist/tex/latex/caption/caption-elsarticle.sto
File: caption-elsarticle.sto 2020/08/22 v2.0 Adaption of the caption package to the elsarticle document class (AR)
))
\c@caption@flags=\count277
\c@continuedfloat=\count278
) (/usr/local/texlive/2025/texmf-dist/tex/latex/caption/subcaption.sty
Package: subcaption 2023/07/28 v1.6b Sub-captions (AR)
Package caption Info: New subtype `subfigure' on input line 238.
\c@subfigure=\count279
Package caption Info: New subtype `subtable' on input line 238.
\c@subtable=\count280
) (/usr/local/texlive/2025/texmf-dist/tex/latex/pgf/frontendlayer/tikz.sty (/usr/local/texlive/2025/texmf-dist/tex/latex/pgf/basiclayer/pgf.sty (/usr/local/texlive/2025/texmf-dist/tex/latex/pgf/utilities/pgfrcs.sty (/usr/local/texlive/2025/texmf-dist/tex/generic/pgf/utilities/pgfutil-common.tex
\pgfutil@everybye=\toks20
\pgfutil@tempdima=\dimen156
\pgfutil@tempdimb=\dimen157
) (/usr/local/texlive/2025/texmf-dist/tex/generic/pgf/utilities/pgfutil-latex.def
\pgfutil@abb=\box59
) (/usr/local/texlive/2025/texmf-dist/tex/generic/pgf/utilities/pgfrcs.code.tex (/usr/local/texlive/2025/texmf-dist/tex/generic/pgf/pgf.revision.tex)
Package: pgfrcs 2023-01-15 v3.1.10 (3.1.10)
))
Package: pgf 2023-01-15 v3.1.10 (3.1.10)
 (/usr/local/texlive/2025/texmf-dist/tex/latex/pgf/basiclayer/pgfcore.sty (/usr/local/texlive/2025/texmf-dist/tex/latex/pgf/systemlayer/pgfsys.sty (/usr/local/texlive/2025/texmf-dist/tex/generic/pgf/systemlayer/pgfsys.code.tex
Package: pgfsys 2023-01-15 v3.1.10 (3.1.10)
 (/usr/local/texlive/2025/texmf-dist/tex/generic/pgf/utilities/pgfkeys.code.tex
\pgfkeys@pathtoks=\toks21
\pgfkeys@temptoks=\toks22
 (/usr/local/texlive/2025/texmf-dist/tex/generic/pgf/utilities/pgfkeyslibraryfiltered.code.tex
\pgfkeys@tmptoks=\toks23
))
\pgf@x=\dimen158
\pgf@y=\dimen159
\pgf@xa=\dimen160
\pgf@ya=\dimen161
\pgf@xb=\dimen162
\pgf@yb=\dimen163
\pgf@xc=\dimen164
\pgf@yc=\dimen165
\pgf@xd=\dimen166
\pgf@yd=\dimen167
\w@pgf@writea=\write4
\r@pgf@reada=\read2
\c@pgf@counta=\count281
\c@pgf@countb=\count282
\c@pgf@countc=\count283
\c@pgf@countd=\count284
\t@pgf@toka=\toks24
\t@pgf@tokb=\toks25
\t@pgf@tokc=\toks26
\pgf@sys@id@count=\count285
 (/usr/local/texlive/2025/texmf-dist/tex/generic/pgf/systemlayer/pgf.cfg
File: pgf.cfg 2023-01-15 v3.1.10 (3.1.10)
)
Driver file for pgf: pgfsys-luatex.def
 (/usr/local/texlive/2025/texmf-dist/tex/generic/pgf/systemlayer/pgfsys-luatex.def
File: pgfsys-luatex.def 2023-01-15 v3.1.10 (3.1.10)
 (/usr/local/texlive/2025/texmf-dist/tex/generic/pgf/systemlayer/pgfsys-common-pdf.def
File: pgfsys-common-pdf.def 2023-01-15 v3.1.10 (3.1.10)
))) (/usr/local/texlive/2025/texmf-dist/tex/generic/pgf/systemlayer/pgfsyssoftpath.code.tex
File: pgfsyssoftpath.code.tex 2023-01-15 v3.1.10 (3.1.10)
\pgfsyssoftpath@smallbuffer@items=\count286
\pgfsyssoftpath@bigbuffer@items=\count287
) (/usr/local/texlive/2025/texmf-dist/tex/generic/pgf/systemlayer/pgfsysprotocol.code.tex
File: pgfsysprotocol.code.tex 2023-01-15 v3.1.10 (3.1.10)
)) (/usr/local/texlive/2025/texmf-dist/tex/latex/xcolor/xcolor.sty
Package: xcolor 2024/09/29 v3.02 LaTeX color extensions (UK)
 (/usr/local/texlive/2025/texmf-dist/tex/latex/graphics-cfg/color.cfg
File: color.cfg 2016/01/02 v1.6 sample color configuration
)
Package xcolor Info: Driver file: luatex.def on input line 274.
 (/usr/local/texlive/2025/texmf-dist/tex/latex/graphics/mathcolor.ltx)
Package xcolor Info: Model `cmy' substituted by `cmy0' on input line 1349.
Package xcolor Info: Model `hsb' substituted by `rgb' on input line 1353.
Package xcolor Info: Model `RGB' extended on input line 1365.
Package xcolor Info: Model `HTML' substituted by `rgb' on input line 1367.
Package xcolor Info: Model `Hsb' substituted by `hsb' on input line 1368.
Package xcolor Info: Model `tHsb' substituted by `hsb' on input line 1369.
Package xcolor Info: Model `HSB' substituted by `hsb' on input line 1370.
Package xcolor Info: Model `Gray' substituted by `gray' on input line 1371.
Package xcolor Info: Model `wave' substituted by `hsb' on input line 1372.
) (/usr/local/texlive/2025/texmf-dist/tex/generic/pgf/basiclayer/pgfcore.code.tex
Package: pgfcore 2023-01-15 v3.1.10 (3.1.10)
 (/usr/local/texlive/2025/texmf-dist/tex/generic/pgf/math/pgfmath.code.tex (/usr/local/texlive/2025/texmf-dist/tex/generic/pgf/math/pgfmathutil.code.tex) (/usr/local/texlive/2025/texmf-dist/tex/generic/pgf/math/pgfmathparser.code.tex
\pgfmath@dimen=\dimen168
\pgfmath@count=\count288
\pgfmath@box=\box60
\pgfmath@toks=\toks27
\pgfmath@stack@operand=\toks28
\pgfmath@stack@operation=\toks29
) (/usr/local/texlive/2025/texmf-dist/tex/generic/pgf/math/pgfmathfunctions.code.tex) (/usr/local/texlive/2025/texmf-dist/tex/generic/pgf/math/pgfmathfunctions.basic.code.tex) (/usr/local/texlive/2025/texmf-dist/tex/generic/pgf/math/pgfmathfunctions.trigonometric.code.tex) (/usr/local/texlive/2025/texmf-dist/tex/generic/pgf/math/pgfmathfunctions.random.code.tex) (/usr/local/texlive/2025/texmf-dist/tex/generic/pgf/math/pgfmathfunctions.comparison.code.tex) (/usr/local/texlive/2025/texmf-dist/tex/generic/pgf/math/pgfmathfunctions.base.code.tex) (/usr/local/texlive/2025/texmf-dist/tex/generic/pgf/math/pgfmathfunctions.round.code.tex) (/usr/local/texlive/2025/texmf-dist/tex/generic/pgf/math/pgfmathfunctions.misc.code.tex) (/usr/local/texlive/2025/texmf-dist/tex/generic/pgf/math/pgfmathfunctions.integerarithmetics.code.tex) (/usr/local/texlive/2025/texmf-dist/tex/generic/pgf/math/pgfmathcalc.code.tex) (/usr/local/texlive/2025/texmf-dist/tex/generic/pgf/math/pgfmathfloat.code.tex
\c@pgfmathroundto@lastzeros=\count289
)) (/usr/local/texlive/2025/texmf-dist/tex/generic/pgf/math/pgfint.code.tex) (/usr/local/texlive/2025/texmf-dist/tex/generic/pgf/basiclayer/pgfcorepoints.code.tex
File: pgfcorepoints.code.tex 2023-01-15 v3.1.10 (3.1.10)
\pgf@picminx=\dimen169
\pgf@picmaxx=\dimen170
\pgf@picminy=\dimen171
\pgf@picmaxy=\dimen172
\pgf@pathminx=\dimen173
\pgf@pathmaxx=\dimen174
\pgf@pathminy=\dimen175
\pgf@pathmaxy=\dimen176
\pgf@xx=\dimen177
\pgf@xy=\dimen178
\pgf@yx=\dimen179
\pgf@yy=\dimen180
\pgf@zx=\dimen181
\pgf@zy=\dimen182
) (/usr/local/texlive/2025/texmf-dist/tex/generic/pgf/basiclayer/pgfcorepathconstruct.code.tex
File: pgfcorepathconstruct.code.tex 2023-01-15 v3.1.10 (3.1.10)
\pgf@path@lastx=\dimen183
\pgf@path@lasty=\dimen184
) (/usr/local/texlive/2025/texmf-dist/tex/generic/pgf/basiclayer/pgfcorepathusage.code.tex
File: pgfcorepathusage.code.tex 2023-01-15 v3.1.10 (3.1.10)
\pgf@shorten@end@additional=\dimen185
\pgf@shorten@start@additional=\dimen186
) (/usr/local/texlive/2025/texmf-dist/tex/generic/pgf/basiclayer/pgfcorescopes.code.tex
File: pgfcorescopes.code.tex 2023-01-15 v3.1.10 (3.1.10)
\pgfpic=\box61
\pgf@hbox=\box62
\pgf@layerbox@main=\box63
\pgf@picture@serial@count=\count290
) (/usr/local/texlive/2025/texmf-dist/tex/generic/pgf/basiclayer/pgfcoregraphicstate.code.tex
File: pgfcoregraphicstate.code.tex 2023-01-15 v3.1.10 (3.1.10)
\pgflinewidth=\dimen187
) (/usr/local/texlive/2025/texmf-dist/tex/generic/pgf/basiclayer/pgfcoretransformations.code.tex
File: pgfcoretransformations.code.tex 2023-01-15 v3.1.10 (3.1.10)
\pgf@pt@x=\dimen188
\pgf@pt@y=\dimen189
\pgf@pt@temp=\dimen190
) (/usr/local/texlive/2025/texmf-dist/tex/generic/pgf/basiclayer/pgfcorequick.code.tex
File: pgfcorequick.code.tex 2023-01-15 v3.1.10 (3.1.10)
) (/usr/local/texlive/2025/texmf-dist/tex/generic/pgf/basiclayer/pgfcoreobjects.code.tex
File: pgfcoreobjects.code.tex 2023-01-15 v3.1.10 (3.1.10)
) (/usr/local/texlive/2025/texmf-dist/tex/generic/pgf/basiclayer/pgfcorepathprocessing.code.tex
File: pgfcorepathprocessing.code.tex 2023-01-15 v3.1.10 (3.1.10)
) (/usr/local/texlive/2025/texmf-dist/tex/generic/pgf/basiclayer/pgfcorearrows.code.tex
File: pgfcorearrows.code.tex 2023-01-15 v3.1.10 (3.1.10)
\pgfarrowsep=\dimen191
) (/usr/local/texlive/2025/texmf-dist/tex/generic/pgf/basiclayer/pgfcoreshade.code.tex
File: pgfcoreshade.code.tex 2023-01-15 v3.1.10 (3.1.10)
\pgf@max=\dimen192
\pgf@sys@shading@range@num=\count291
\pgf@shadingcount=\count292
) (/usr/local/texlive/2025/texmf-dist/tex/generic/pgf/basiclayer/pgfcoreimage.code.tex
File: pgfcoreimage.code.tex 2023-01-15 v3.1.10 (3.1.10)
) (/usr/local/texlive/2025/texmf-dist/tex/generic/pgf/basiclayer/pgfcoreexternal.code.tex
File: pgfcoreexternal.code.tex 2023-01-15 v3.1.10 (3.1.10)
\pgfexternal@startupbox=\box64
) (/usr/local/texlive/2025/texmf-dist/tex/generic/pgf/basiclayer/pgfcorelayers.code.tex
File: pgfcorelayers.code.tex 2023-01-15 v3.1.10 (3.1.10)
) (/usr/local/texlive/2025/texmf-dist/tex/generic/pgf/basiclayer/pgfcoretransparency.code.tex
File: pgfcoretransparency.code.tex 2023-01-15 v3.1.10 (3.1.10)
) (/usr/local/texlive/2025/texmf-dist/tex/generic/pgf/basiclayer/pgfcorepatterns.code.tex
File: pgfcorepatterns.code.tex 2023-01-15 v3.1.10 (3.1.10)
) (/usr/local/texlive/2025/texmf-dist/tex/generic/pgf/basiclayer/pgfcorerdf.code.tex
File: pgfcorerdf.code.tex 2023-01-15 v3.1.10 (3.1.10)
))) (/usr/local/texlive/2025/texmf-dist/tex/generic/pgf/modules/pgfmoduleshapes.code.tex
File: pgfmoduleshapes.code.tex 2023-01-15 v3.1.10 (3.1.10)
\pgfnodeparttextbox=\box65
) (/usr/local/texlive/2025/texmf-dist/tex/generic/pgf/modules/pgfmoduleplot.code.tex
File: pgfmoduleplot.code.tex 2023-01-15 v3.1.10 (3.1.10)
) (/usr/local/texlive/2025/texmf-dist/tex/latex/pgf/compatibility/pgfcomp-version-0-65.sty
Package: pgfcomp-version-0-65 2023-01-15 v3.1.10 (3.1.10)
\pgf@nodesepstart=\dimen193
\pgf@nodesepend=\dimen194
) (/usr/local/texlive/2025/texmf-dist/tex/latex/pgf/compatibility/pgfcomp-version-1-18.sty
Package: pgfcomp-version-1-18 2023-01-15 v3.1.10 (3.1.10)
)) (/usr/local/texlive/2025/texmf-dist/tex/latex/pgf/utilities/pgffor.sty (/usr/local/texlive/2025/texmf-dist/tex/latex/pgf/utilities/pgfkeys.sty (/usr/local/texlive/2025/texmf-dist/tex/generic/pgf/utilities/pgfkeys.code.tex)) (/usr/local/texlive/2025/texmf-dist/tex/latex/pgf/math/pgfmath.sty (/usr/local/texlive/2025/texmf-dist/tex/generic/pgf/math/pgfmath.code.tex)) (/usr/local/texlive/2025/texmf-dist/tex/generic/pgf/utilities/pgffor.code.tex
Package: pgffor 2023-01-15 v3.1.10 (3.1.10)
\pgffor@iter=\dimen195
\pgffor@skip=\dimen196
\pgffor@stack=\toks30
\pgffor@toks=\toks31
)) (/usr/local/texlive/2025/texmf-dist/tex/generic/pgf/frontendlayer/tikz/tikz.code.tex
Package: tikz 2023-01-15 v3.1.10 (3.1.10)
 (/usr/local/texlive/2025/texmf-dist/tex/generic/pgf/libraries/pgflibraryplothandlers.code.tex
File: pgflibraryplothandlers.code.tex 2023-01-15 v3.1.10 (3.1.10)
\pgf@plot@mark@count=\count293
\pgfplotmarksize=\dimen197
)
\tikz@lastx=\dimen198
\tikz@lasty=\dimen199
\tikz@lastxsaved=\dimen256
\tikz@lastysaved=\dimen257
\tikz@lastmovetox=\dimen258
\tikz@lastmovetoy=\dimen259
\tikzleveldistance=\dimen260
\tikzsiblingdistance=\dimen261
\tikz@figbox=\box66
\tikz@figbox@bg=\box67
\tikz@tempbox=\box68
\tikz@tempbox@bg=\box69
\tikztreelevel=\count294
\tikznumberofchildren=\count295
\tikznumberofcurrentchild=\count296
\tikz@fig@count=\count297
 (/usr/local/texlive/2025/texmf-dist/tex/generic/pgf/modules/pgfmodulematrix.code.tex
File: pgfmodulematrix.code.tex 2023-01-15 v3.1.10 (3.1.10)
\pgfmatrixcurrentrow=\count298
\pgfmatrixcurrentcolumn=\count299
\pgf@matrix@numberofcolumns=\count300
)
\tikz@expandcount=\count301
 (/usr/local/texlive/2025/texmf-dist/tex/generic/pgf/frontendlayer/tikz/libraries/tikzlibrarytopaths.code.tex
File: tikzlibrarytopaths.code.tex 2023-01-15 v3.1.10 (3.1.10)
))) (/usr/local/texlive/2025/texmf-dist/tex/generic/pgf/libraries/pgflibraryarrows.meta.code.tex
File: pgflibraryarrows.meta.code.tex 2023-01-15 v3.1.10 (3.1.10)
\pgfarrowinset=\dimen262
\pgfarrowlength=\dimen263
\pgfarrowwidth=\dimen264
\pgfarrowlinewidth=\dimen265
) (/usr/local/texlive/2025/texmf-dist/tex/generic/pgf/frontendlayer/tikz/libraries/tikzlibrarypositioning.code.tex
File: tikzlibrarypositioning.code.tex 2023-01-15 v3.1.10 (3.1.10)
) (/usr/local/texlive/2025/texmf-dist/tex/generic/pgf/frontendlayer/tikz/libraries/tikzlibrarydecorations.pathreplacing.code.tex (/usr/local/texlive/2025/texmf-dist/tex/generic/pgf/frontendlayer/tikz/libraries/tikzlibrarydecorations.code.tex (/usr/local/texlive/2025/texmf-dist/tex/generic/pgf/modules/pgfmoduledecorations.code.tex
\pgfdecoratedcompleteddistance=\dimen266
\pgfdecoratedremainingdistance=\dimen267
\pgfdecoratedinputsegmentcompleteddistance=\dimen268
\pgfdecoratedinputsegmentremainingdistance=\dimen269
\pgf@decorate@distancetomove=\dimen270
\pgf@decorate@repeatstate=\count302
\pgfdecorationsegmentamplitude=\dimen271
\pgfdecorationsegmentlength=\dimen272
)
\tikz@lib@dec@box=\box70
) (/usr/local/texlive/2025/texmf-dist/tex/generic/pgf/libraries/decorations/pgflibrarydecorations.pathreplacing.code.tex)) (/usr/local/texlive/2025/texmf-dist/tex/latex/booktabs/booktabs.sty
Package: booktabs 2020/01/12 v1.61803398 Publication quality tables
\heavyrulewidth=\dimen273
\lightrulewidth=\dimen274
\cmidrulewidth=\dimen275
\belowrulesep=\dimen276
\belowbottomsep=\dimen277
\aboverulesep=\dimen278
\abovetopsep=\dimen279
\cmidrulesep=\dimen280
\cmidrulekern=\dimen281
\defaultaddspace=\dimen282
\@cmidla=\count303
\@cmidlb=\count304
\@aboverulesep=\dimen283
\@belowrulesep=\dimen284
\@thisruleclass=\count305
\@lastruleclass=\count306
\@thisrulewidth=\dimen285
) (/usr/local/texlive/2025/texmf-dist/tex/latex/tools/longtable.sty
Package: longtable 2024-10-27 v4.22 Multi-page Table package (DPC)
\LTleft=\skip55
\LTright=\skip56
\LTpre=\skip57
\LTpost=\skip58
\LTchunksize=\count307
\LTcapwidth=\dimen286
\LT@head=\box71
\LT@firsthead=\box72
\LT@foot=\box73
\LT@lastfoot=\box74
\LT@gbox=\box75
\LT@cols=\count308
\LT@rows=\count309
\c@LT@tables=\count310
\c@LT@chunks=\count311
\LT@p@ftn=\toks32
) (/usr/local/texlive/2025/texmf-dist/tex/latex/multirow/multirow.sty
Package: multirow 2024/11/12 v2.9 Span multiple rows of a table
\multirow@colwidth=\skip59
\multirow@cntb=\count312
\multirow@dima=\skip60
\bigstrutjot=\dimen287
) (/usr/local/texlive/2025/texmf-dist/tex/latex/threeparttable/threeparttable.sty
Package: threeparttable 2003/06/13  v 3.0
\@tempboxb=\box76
) (/usr/local/texlive/2025/texmf-dist/tex/latex/makecell/makecell.sty
Package: makecell 2009/08/03 V0.1e Managing of Tab Column Heads and Cells
 (/usr/local/texlive/2025/texmf-dist/tex/latex/tools/array.sty
Package: array 2024/10/17 v2.6g Tabular extension package (FMi)
\col@sep=\dimen288
\ar@mcellbox=\box77
\extrarowheight=\dimen289
\NC@list=\toks33
\extratabsurround=\skip61
\backup@length=\skip62
\ar@cellbox=\box78
)
\rotheadsize=\dimen290
\c@nlinenum=\count313
\TeXr@lab=\toks34
) (/usr/local/texlive/2025/texmf-dist/tex/latex/tabularray/tabularray.sty
Package: tabularray 2024-02-16 v2024A Typeset tabulars and arrays with LaTeX3
\l__tblr_a_int=\count314
\l__tblr_c_int=\count315
\l__tblr_r_int=\count316
\l__tblr_d_dim=\dimen291
\l__tblr_h_dim=\dimen292
\l__tblr_o_dim=\dimen293
\l__tblr_p_dim=\dimen294
\l__tblr_q_dim=\dimen295
\l__tblr_r_dim=\dimen296
\l__tblr_s_dim=\dimen297
\l__tblr_t_dim=\dimen298
\l__tblr_v_dim=\dimen299
\l__tblr_w_dim=\dimen300
\l__tblr_a_box=\box79
\l__tblr_b_box=\box80
\l__tblr_c_box=\box81
\l__tblr_d_box=\box82
\g__tblr_table_count_int=\count317
\c@rownum=\count318
\c@colnum=\count319
\c@rowcount=\count320
\c@colcount=\count321
\abovesep=\dimen301
\belowsep=\dimen302
\leftsep=\dimen303
\rightsep=\dimen304
\g_tblr_level_int=\count322
\g__tblr_data_row_key_count_int=\count323
\g__tblr_data_column_key_count_int=\count324
\g__tblr_data_cell_key_count_int=\count325
\g__tblr_array_int=\count326
\l__tblr_key_count_int=\count327
\l__tblr_key_quotient_int=\count328
\l__tblr_key_quotient_two_int=\count329
\l__tblr_key_remainder_int=\count330
\g__tblr_data_str_value_count_int=\count331
\rulewidth=\dimen305
\l__tblr_strut_dp_dim=\dimen306
\l__tblr_strut_ht_dim=\dimen307
\g__tblr_cell_wd_dim=\dimen308
\g__tblr_cell_ht_dim=\dimen309
\g__tblr_cell_head_dim=\dimen310
\g__tblr_cell_foot_dim=\dimen311
\l__column_target_dim=\dimen312
\l__tblr_caption_box=\box83
\l__tblr_caption_left_box=\box84
\l__tblr_row_head_box=\box85
\l__tblr_row_foot_box=\box86
\l__tblr_row_head_foot_dim=\dimen313
\tablewidth=\dimen314
\l__tblr_table_firsthead_box=\box87
\l__tblr_table_middlehead_box=\box88
\l__tblr_table_lasthead_box=\box89
\l__tblr_table_firstfoot_box=\box90
\l__tblr_table_middlefoot_box=\box91
\l__tblr_table_lastfoot_box=\box92
\l__tblr_remain_height_dim=\dimen315
\l__tblr_long_from_int=\count332
\l__tblr_long_to_int=\count333
\l__tblr_curr_i_int=\count334
\l__tblr_prev_i_int=\count335
\l__tblr_table_page_int=\count336
\l__tblr_table_head_box=\box93
\l__tblr_table_foot_box=\box94
\l__tblr_table_head_foot_dim=\dimen316
\l__tblr_table_head_body_foot_dim=\dimen317
\l__tblr_table_box=\box95
\l__tblr_table_hlines_box=\box96
\l__tblr_hline_box=\box97
\l__tblr_row_box=\box98
\l__tblr_col_o_wd_dim=\dimen318
\l__tblr_col_b_wd_dim=\dimen319
\l__tblr_hline_leftskip_dim=\dimen320
\l__tblr_hline_rightskip_dim=\dimen321
\l__tblr_row_ht_dim=\dimen322
\l__tblr_row_dp_dim=\dimen323
\l__tblr_row_abovesep_dim=\dimen324
\l__tblr_row_belowsep_dim=\dimen325
\l__tblr_row_vlines_box=\box99
\l__tblr_vline_box=\box100
\l__tblr_cell_box=\box101
\l__row_upper_dim=\dimen326
\l__row_lower_dim=\dimen327
\l__row_vpace_dim=\dimen328
\l__tblr_vline_aboveskip_dim=\dimen329
\l__tblr_vline_belowskip_dim=\dimen330
\l__tblr_cell_wd_dim=\dimen331
\l__tblr_cell_ht_dim=\dimen332
\l__tblr_diag_box=\box102
) (/usr/local/texlive/2025/texmf-dist/tex/latex/amsmath/amsmath.sty
Package: amsmath 2024/11/05 v2.17t AMS math features
\@mathmargin=\skip63

For additional information on amsmath, use the `?' option.
(/usr/local/texlive/2025/texmf-dist/tex/latex/amsmath/amstext.sty
Package: amstext 2021/08/26 v2.01 AMS text
 (/usr/local/texlive/2025/texmf-dist/tex/latex/amsmath/amsgen.sty
File: amsgen.sty 1999/11/30 v2.0 generic functions
\@emptytoks=\toks35
\ex@=\dimen333
)) (/usr/local/texlive/2025/texmf-dist/tex/latex/amsmath/amsbsy.sty
Package: amsbsy 1999/11/29 v1.2d Bold Symbols
\pmbraise@=\dimen334
) (/usr/local/texlive/2025/texmf-dist/tex/latex/amsmath/amsopn.sty
Package: amsopn 2022/04/08 v2.04 operator names
)
\inf@bad=\count337
LaTeX Info: Redefining \frac on input line 235.
\uproot@=\count338
\leftroot@=\count339
LaTeX Info: Redefining \overline on input line 398.
LaTeX Info: Redefining \colon on input line 409.
\classnum@=\count340
\DOTSCASE@=\count341
LaTeX Info: Redefining \ldots on input line 495.
LaTeX Info: Redefining \dots on input line 498.
LaTeX Info: Redefining \cdots on input line 619.
\Mathstrutbox@=\box103
\strutbox@=\box104
LaTeX Info: Redefining \big on input line 721.
LaTeX Info: Redefining \Big on input line 722.
LaTeX Info: Redefining \bigg on input line 723.
LaTeX Info: Redefining \Bigg on input line 724.
\big@size=\dimen335
LaTeX Font Info:    Redeclaring font encoding OML on input line 742.
LaTeX Font Info:    Redeclaring font encoding OMS on input line 743.
\macc@depth=\count342
LaTeX Info: Redefining \bmod on input line 904.
LaTeX Info: Redefining \pmod on input line 909.
LaTeX Info: Redefining \smash on input line 939.
LaTeX Info: Redefining \relbar on input line 969.
LaTeX Info: Redefining \Relbar on input line 970.
\c@MaxMatrixCols=\count343
\dotsspace@=\muskip17
\c@parentequation=\count344
\dspbrk@lvl=\count345
\tag@help=\toks36
\row@=\count346
\column@=\count347
\maxfields@=\count348
\andhelp@=\toks37
\eqnshift@=\dimen336
\alignsep@=\dimen337
\tagshift@=\dimen338
\tagwidth@=\dimen339
\totwidth@=\dimen340
\lineht@=\dimen341
\@envbody=\toks38
\multlinegap=\skip64
\multlinetaggap=\skip65
\mathdisplay@stack=\toks39
LaTeX Info: Redefining \[ on input line 2953.
LaTeX Info: Redefining \] on input line 2954.
) (/usr/local/texlive/2025/texmf-dist/tex/latex/amsfonts/amsfonts.sty
Package: amsfonts 2013/01/14 v3.01 Basic AMSFonts support
\symAMSa=\mathgroup4
\symAMSb=\mathgroup5
LaTeX Font Info:    Redeclaring math symbol \hbar on input line 98.
LaTeX Font Info:    Overwriting math alphabet `\mathfrak' in version `bold'
(Font)                  U/euf/m/n --> U/euf/b/n on input line 106.
) (/usr/local/texlive/2025/texmf-dist/tex/latex/amsfonts/amssymb.sty
Package: amssymb 2013/01/14 v3.01 AMS font symbols
) (/usr/local/texlive/2025/texmf-dist/tex/latex/url/url.sty
\Urlmuskip=\muskip18
Package: url 2013/09/16  ver 3.4  Verb mode for urls, etc.
) (/usr/local/texlive/2025/texmf-dist/tex/latex/hyperref/hyperref.sty
Package: hyperref 2024-11-05 v7.01l Hypertext links for LaTeX
 (/usr/local/texlive/2025/texmf-dist/tex/generic/iftex/iftex.sty
Package: iftex 2024/12/12 v1.0g TeX engine tests
) (/usr/local/texlive/2025/texmf-dist/tex/latex/kvsetkeys/kvsetkeys.sty
Package: kvsetkeys 2022-10-05 v1.19 Key value parser (HO)
) (/usr/local/texlive/2025/texmf-dist/tex/generic/kvdefinekeys/kvdefinekeys.sty
Package: kvdefinekeys 2019-12-19 v1.6 Define keys (HO)
) (/usr/local/texlive/2025/texmf-dist/tex/generic/pdfescape/pdfescape.sty
Package: pdfescape 2019/12/09 v1.15 Implements pdfTeX's escape features (HO)
 (/usr/local/texlive/2025/texmf-dist/tex/generic/ltxcmds/ltxcmds.sty
Package: ltxcmds 2023-12-04 v1.26 LaTeX kernel commands for general use (HO)
) (/usr/local/texlive/2025/texmf-dist/tex/generic/pdftexcmds/pdftexcmds.sty
Package: pdftexcmds 2020-06-27 v0.33 Utility functions of pdfTeX for LuaTeX (HO)
 (/usr/local/texlive/2025/texmf-dist/tex/generic/infwarerr/infwarerr.sty
Package: infwarerr 2019/12/03 v1.5 Providing info/warning/error messages (HO)
)
Package pdftexcmds Info: \pdf@primitive is available.
Package pdftexcmds Info: \pdf@ifprimitive is available.
Package pdftexcmds Info: \pdfdraftmode found.
\pdftexcmds@toks=\toks40
)) (/usr/local/texlive/2025/texmf-dist/tex/latex/hycolor/hycolor.sty
Package: hycolor 2020-01-27 v1.10 Color options for hyperref/bookmark (HO)
) (/usr/local/texlive/2025/texmf-dist/tex/latex/hyperref/nameref.sty
Package: nameref 2023-11-26 v2.56 Cross-referencing by name of section
 (/usr/local/texlive/2025/texmf-dist/tex/latex/refcount/refcount.sty
Package: refcount 2019/12/15 v3.6 Data extraction from label references (HO)
) (/usr/local/texlive/2025/texmf-dist/tex/generic/gettitlestring/gettitlestring.sty
Package: gettitlestring 2019/12/15 v1.6 Cleanup title references (HO)
 (/usr/local/texlive/2025/texmf-dist/tex/latex/kvoptions/kvoptions.sty
Package: kvoptions 2022-06-15 v3.15 Key value format for package options (HO)
))
\c@section@level=\count349
) (/usr/local/texlive/2025/texmf-dist/tex/generic/stringenc/stringenc.sty
Package: stringenc 2019/11/29 v1.12 Convert strings between diff. encodings (HO)
)
\@linkdim=\dimen342
\Hy@linkcounter=\count350
\Hy@pagecounter=\count351
 (/usr/local/texlive/2025/texmf-dist/tex/latex/hyperref/pd1enc.def
File: pd1enc.def 2024-11-05 v7.01l Hyperref: PDFDocEncoding definition (HO)
) (/usr/local/texlive/2025/texmf-dist/tex/generic/intcalc/intcalc.sty
Package: intcalc 2019/12/15 v1.3 Expandable calculations with integers (HO)
)
\Hy@SavedSpaceFactor=\count352
 (/usr/local/texlive/2025/texmf-dist/tex/latex/hyperref/puenc.def
File: puenc.def 2024-11-05 v7.01l Hyperref: PDF Unicode definition (HO)
)
Package hyperref Info: Hyper figures OFF on input line 4157.
Package hyperref Info: Link nesting OFF on input line 4162.
Package hyperref Info: Hyper index ON on input line 4165.
Package hyperref Info: Plain pages OFF on input line 4172.
Package hyperref Info: Backreferencing OFF on input line 4177.
Package hyperref Info: Implicit mode ON; LaTeX internals redefined.
Package hyperref Info: Bookmarks ON on input line 4424.
\c@Hy@tempcnt=\count353
LaTeX Info: Redefining \url on input line 4763.
\XeTeXLinkMargin=\dimen343
 (/usr/local/texlive/2025/texmf-dist/tex/generic/bitset/bitset.sty
Package: bitset 2019/12/09 v1.3 Handle bit-vector datatype (HO)
 (/usr/local/texlive/2025/texmf-dist/tex/generic/bigintcalc/bigintcalc.sty
Package: bigintcalc 2019/12/15 v1.5 Expandable calculations on big integers (HO)
))
\Fld@menulength=\count354
\Field@Width=\dimen344
\Fld@charsize=\dimen345
Package hyperref Info: Hyper figures OFF on input line 6042.
Package hyperref Info: Link nesting OFF on input line 6047.
Package hyperref Info: Hyper index ON on input line 6050.
Package hyperref Info: backreferencing OFF on input line 6057.
Package hyperref Info: Link coloring OFF on input line 6062.
Package hyperref Info: Link coloring with OCG OFF on input line 6067.
Package hyperref Info: PDF/A mode OFF on input line 6072.
 (/usr/local/texlive/2025/texmf-dist/tex/latex/base/atbegshi-ltx.sty
Package: atbegshi-ltx 2021/01/10 v1.0c Emulation of the original atbegshi
package with kernel methods
)
\Hy@abspage=\count355
\c@Item=\count356
\c@Hfootnote=\count357
)
Package hyperref Info: Driver (autodetected): hluatex.
 (/usr/local/texlive/2025/texmf-dist/tex/latex/hyperref/hluatex.def
File: hluatex.def 2024-11-05 v7.01l Hyperref driver for luaTeX
 (/usr/local/texlive/2025/texmf-dist/tex/latex/base/atveryend-ltx.sty
Package: atveryend-ltx 2020/08/19 v1.0a Emulation of the original atveryend package
with kernel methods
)
\Fld@listcount=\count358
\c@bookmark@seq@number=\count359
 (/usr/local/texlive/2025/texmf-dist/tex/latex/rerunfilecheck/rerunfilecheck.sty
Package: rerunfilecheck 2022-07-10 v1.10 Rerun checks for auxiliary files (HO)
 (/usr/local/texlive/2025/texmf-dist/tex/generic/uniquecounter/uniquecounter.sty
Package: uniquecounter 2019/12/15 v1.4 Provide unlimited unique counter (HO)
)
Package uniquecounter Info: New unique counter `rerunfilecheck' on input line 285.
)
\Hy@SectionHShift=\skip66
)
Package hyperref Info: Option `colorlinks' set `true' on input line 51.
 (/usr/local/texlive/2025/texmf-dist/tex/latex/psnfss/mathpazo.sty
Package: mathpazo 2020/03/25 PSNFSS-v9.3 Palatino w/ Pazo Math (D.Puga, WaS) 
\symupright=\mathgroup6
) (/usr/local/texlive/2025/texmf-dist/tex/latex/geometry/geometry.sty
Package: geometry 2020/01/02 v5.9 Page Geometry
 (/usr/local/texlive/2025/texmf-dist/tex/generic/iftex/ifvtex.sty
Package: ifvtex 2019/10/25 v1.7 ifvtex legacy package. Use iftex instead.
)
\Gm@cnth=\count360
\Gm@cntv=\count361
\c@Gm@tempcnt=\count362
\Gm@bindingoffset=\dimen346
\Gm@wd@mp=\dimen347
\Gm@odd@mp=\dimen348
\Gm@even@mp=\dimen349
\Gm@layoutwidth=\dimen350
\Gm@layoutheight=\dimen351
\Gm@layouthoffset=\dimen352
\Gm@layoutvoffset=\dimen353
\Gm@dimlist=\toks41
)
LaTeX Font Info:    Trying to load font information for TU+ppl on input line 66.
LaTeX Font Info:    No file TUppl.fd. on input line 66.


LaTeX Font Warning: Font shape `TU/ppl/m/n' undefined
(Font)              using `TU/lmr/m/n' instead on input line 66.

(./brexit.aux)
\openout1 = brexit.aux

LaTeX Font Info:    Checking defaults for OML/cmm/m/it on input line 66.
LaTeX Font Info:    ... okay on input line 66.
LaTeX Font Info:    Checking defaults for OMS/cmsy/m/n on input line 66.
LaTeX Font Info:    ... okay on input line 66.
LaTeX Font Info:    Checking defaults for OT1/cmr/m/n on input line 66.
LaTeX Font Info:    ... okay on input line 66.
LaTeX Font Info:    Checking defaults for T1/cmr/m/n on input line 66.
LaTeX Font Info:    ... okay on input line 66.
LaTeX Font Info:    Checking defaults for TS1/cmr/m/n on input line 66.
LaTeX Font Info:    ... okay on input line 66.
LaTeX Font Info:    Checking defaults for TU/lmr/m/n on input line 66.
LaTeX Font Info:    ... okay on input line 66.
LaTeX Font Info:    Checking defaults for OMX/cmex/m/n on input line 66.
LaTeX Font Info:    ... okay on input line 66.
LaTeX Font Info:    Checking defaults for U/cmr/m/n on input line 66.
LaTeX Font Info:    ... okay on input line 66.
LaTeX Font Info:    Checking defaults for PD1/pdf/m/n on input line 66.
LaTeX Font Info:    ... okay on input line 66.
LaTeX Font Info:    Checking defaults for PU/pdf/m/n on input line 66.
LaTeX Font Info:    ... okay on input line 66.
 (/usr/local/texlive/2025/texmf-dist/tex/context/base/mkii/supp-pdf.mkii
[Loading MPS to PDF converter (version 2006.09.02).]
\scratchcounter=\count363
\scratchdimen=\dimen354
\scratchbox=\box105
\nofMPsegments=\count364
\nofMParguments=\count365
\everyMPshowfont=\toks42
\MPscratchCnt=\count366
\MPscratchDim=\dimen355
\MPnumerator=\count367
\makeMPintoPDFobject=\count368
\everyMPtoPDFconversion=\toks43
) (/usr/local/texlive/2025/texmf-dist/tex/latex/epstopdf-pkg/epstopdf-base.sty
Package: epstopdf-base 2020-01-24 v2.11 Base part for package epstopdf
Package epstopdf-base Info: Redefining graphics rule for `.eps' on input line 485.
 (/usr/local/texlive/2025/texmf-dist/tex/latex/latexconfig/epstopdf-sys.cfg
File: epstopdf-sys.cfg 2010/07/13 v1.3 Configuration of (r)epstopdf for TeX Live
))
Package caption Info: Begin \AtBeginDocument code.
Package caption Info: hyperref package is loaded.
Package caption Info: longtable package is loaded.
 (/usr/local/texlive/2025/texmf-dist/tex/latex/caption/ltcaption.sty
Package: ltcaption 2021/01/08 v1.4c longtable captions (AR)
)
Package caption Info: threeparttable package is loaded.
Package caption Info: End \AtBeginDocument code.
 (/usr/local/texlive/2025/texmf-dist/tex/latex/ninecolors/ninecolors.sty
Package: ninecolors 2022-02-13 v2022D Select colors with proper color contrast
)
Package hyperref Info: Link coloring ON on input line 66.
 (./brexit.out) (./brexit.out)
\@outlinefile=\write5

\openout5 = brexit.out

*geometry* driver: auto-detecting
*geometry* detected driver: luatex
*geometry* verbose mode - [ preamble ] result:
* driver: luatex
* paper: a4paper
* layout: <same size as paper>
* layoutoffset:(h,v)=(0.0pt,0.0pt)
* modes: 
* h-part:(L,W,R)=(56.90552pt, 483.69684pt, 56.90552pt)
* v-part:(T,H,B)=(56.90552pt, 731.23582pt, 56.9055pt)
* \paperwidth=597.50787pt
* \paperheight=845.04684pt
* \textwidth=483.69684pt
* \textheight=731.23582pt
* \oddsidemargin=-15.36447pt
* \evensidemargin=-15.36447pt
* \topmargin=-52.36447pt
* \headheight=12.0pt
* \headsep=25.0pt
* \topskip=11.0pt
* \footskip=30.0pt
* \marginparwidth=59.0pt
* \marginparsep=10.0pt
* \columnsep=10.0pt
* \skip\footins=24.0pt
* \hoffset=0.0pt
* \voffset=0.0pt
* \mag=1000
* \@twocolumnfalse
* \@twosidefalse
* \@mparswitchfalse
* \@reversemarginfalse
* (1in=72.27pt=25.4mm, 1cm=28.453pt)


LaTeX Font Warning: Font shape `TU/ppl/b/n' undefined
(Font)              using `TU/ppl/m/n' instead on input line 96.

LaTeX Font Info:    Trying to load font information for OT1+ppl on input line 104.
(/usr/local/texlive/2025/texmf-dist/tex/latex/psnfss/ot1ppl.fd
File: ot1ppl.fd 2001/06/04 font definitions for OT1/ppl.
)
LaTeX Font Info:    Trying to load font information for OML+zplm on input line 104.
 (/usr/local/texlive/2025/texmf-dist/tex/latex/psnfss/omlzplm.fd
File: omlzplm.fd 2002/09/08 Fontinst v1.914 font definitions for OML/zplm.
)
LaTeX Font Info:    Trying to load font information for OMS+zplm on input line 104.
 (/usr/local/texlive/2025/texmf-dist/tex/latex/psnfss/omszplm.fd
File: omszplm.fd 2002/09/08 Fontinst v1.914 font definitions for OMS/zplm.
)
LaTeX Font Info:    Trying to load font information for OMX+zplm on input line 104.
 (/usr/local/texlive/2025/texmf-dist/tex/latex/psnfss/omxzplm.fd
File: omxzplm.fd 2002/09/08 Fontinst v1.914 font definitions for OMX/zplm.
)
LaTeX Font Info:    Font shape `U/msa/m/n' will be
(Font)              scaled to size 11.40997pt on input line 104.
LaTeX Font Info:    Font shape `U/msa/m/n' will be
(Font)              scaled to size 8.33606pt on input line 104.
LaTeX Font Info:    Font shape `U/msa/m/n' will be
(Font)              scaled to size 6.25204pt on input line 104.
LaTeX Font Info:    Font shape `U/msb/m/n' will be
(Font)              scaled to size 11.40997pt on input line 104.
LaTeX Font Info:    Font shape `U/msb/m/n' will be
(Font)              scaled to size 8.33606pt on input line 104.
LaTeX Font Info:    Font shape `U/msb/m/n' will be
(Font)              scaled to size 6.25204pt on input line 104.
LaTeX Font Info:    Trying to load font information for OT1+zplm on input line 104.
 (/usr/local/texlive/2025/texmf-dist/tex/latex/psnfss/ot1zplm.fd
File: ot1zplm.fd 2002/09/08 Fontinst v1.914 font definitions for OT1/zplm.
)

LaTeX Font Warning: Font shape `TU/ppl/m/it' undefined
(Font)              using `TU/ppl/m/n' instead on input line 114.



[1

{/usr/local/texlive/2025/texmf-var/fonts/map/pdftex/updmap/pdftex.map}]
LaTeX Font Info:    Font shape `U/msa/m/n' will be
(Font)              scaled to size 9.37807pt on input line 121.
LaTeX Font Info:    Font shape `U/msa/m/n' will be
(Font)              scaled to size 7.29405pt on input line 121.
LaTeX Font Info:    Font shape `U/msa/m/n' will be
(Font)              scaled to size 5.21004pt on input line 121.
LaTeX Font Info:    Font shape `U/msb/m/n' will be
(Font)              scaled to size 9.37807pt on input line 121.
LaTeX Font Info:    Font shape `U/msb/m/n' will be
(Font)              scaled to size 7.29405pt on input line 121.
LaTeX Font Info:    Font shape `U/msb/m/n' will be
(Font)              scaled to size 5.21004pt on input line 121.



Overfull \hbox (2.4309pt too wide) has occurred while \output is active
[] 
 []


warning  (pdf backend): ignoring duplicate destination with the name 'page.1'
[1


]

[2]

[3]

[4]

[5]

[6]

[7]
Package epstopdf Info: Source file: <Fig2.eps>
(epstopdf)                    date: 2026-05-29 04:57:46
(epstopdf)                    size: 8139 bytes
(epstopdf)             Output file: <Fig2-eps-converted-to.pdf>
(epstopdf)                    date: 2026-05-29 04:57:46
(epstopdf)                    size: 12338 bytes
(epstopdf)             Command: <repstopdf --outfile=Fig2-eps-converted-to.pdf Fig2.eps>
(epstopdf)             \includegraphics on input line 378.
Package epstopdf Info: Output file is already uptodate.
<Fig2-eps-converted-to.pdf, id=371, 505.89pt x 361.35pt>
File: Fig2-eps-converted-to.pdf Graphic file (type pdf)
<use Fig2-eps-converted-to.pdf>
Package luatex.def Info: Fig2-eps-converted-to.pdf  used on input line 378.
(luatex.def)             Requested size: 303.53633pt x 216.81168pt.
Package epstopdf Info: Source file: <Fig3a.eps>
(epstopdf)                    date: 2026-05-29 04:57:46
(epstopdf)                    size: 7787 bytes
(epstopdf)             Output file: <Fig3a-eps-converted-to.pdf>
(epstopdf)                    date: 2026-05-29 04:57:46
(epstopdf)                    size: 13214 bytes
(epstopdf)             Command: <repstopdf --outfile=Fig3a-eps-converted-to.pdf Fig3a.eps>
(epstopdf)             \includegraphics on input line 403.
Package epstopdf Info: Output file is already uptodate.
<Fig3a-eps-converted-to.pdf, id=380, 505.89pt x 361.35pt>
File: Fig3a-eps-converted-to.pdf Graphic file (type pdf)
<use Fig3a-eps-converted-to.pdf>
Package luatex.def Info: Fig3a-eps-converted-to.pdf  used on input line 403.
(luatex.def)             Requested size: 227.64839pt x 162.60599pt.

Overfull \hbox (9.9863pt too wide) in paragraph at lines 403--404
 [][] 
 []

Package epstopdf Info: Source file: <Fig3b.eps>
(epstopdf)                    date: 2026-05-29 04:57:46
(epstopdf)                    size: 7803 bytes
(epstopdf)             Output file: <Fig3b-eps-converted-to.pdf>
(epstopdf)                    date: 2026-05-29 04:57:46
(epstopdf)                    size: 12864 bytes
(epstopdf)             Command: <repstopdf --outfile=Fig3b-eps-converted-to.pdf Fig3b.eps>
(epstopdf)             \includegraphics on input line 408.
Package epstopdf Info: Output file is already uptodate.
<Fig3b-eps-converted-to.pdf, id=381, 505.89pt x 361.35pt>
File: Fig3b-eps-converted-to.pdf Graphic file (type pdf)
<use Fig3b-eps-converted-to.pdf>
Package luatex.def Info: Fig3b-eps-converted-to.pdf  used on input line 408.
(luatex.def)             Requested size: 227.64839pt x 162.60599pt.

Overfull \hbox (9.9863pt too wide) in paragraph at lines 408--409
 [][] 
 []



[8]

[9<./Fig2-eps-converted-to.pdf>]
LaTeX Font Info:    Trying to load font information for U+fplmbb on input line 472.
 (/usr/local/texlive/2025/texmf-dist/tex/latex/psnfss/ufplmbb.fd
File: ufplmbb.fd 2003/10/30 Fontinst v1.914 font definitions for U/fplmbb.
)

[10<./Fig3a-eps-converted-to.pdf><./Fig3b-eps-converted-to.pdf>]

[11]

[12]

[13]

[14] (./Tab1.tex)

[15]
Package epstopdf Info: Source file: <Fig4.eps>
(epstopdf)                    date: 2026-05-29 04:57:46
(epstopdf)                    size: 6737 bytes
(epstopdf)             Output file: <Fig4-eps-converted-to.pdf>
(epstopdf)                    date: 2026-05-29 04:57:46
(epstopdf)                    size: 15729 bytes
(epstopdf)             Command: <repstopdf --outfile=Fig4-eps-converted-to.pdf Fig4.eps>
(epstopdf)             \includegraphics on input line 698.
Package epstopdf Info: Output file is already uptodate.
<Fig4-eps-converted-to.pdf, id=611, 561.09625pt x 433.62pt>
File: Fig4-eps-converted-to.pdf Graphic file (type pdf)
<use Fig4-eps-converted-to.pdf>
Package luatex.def Info: Fig4-eps-converted-to.pdf  used on input line 698.
(luatex.def)             Requested size: 336.66034pt x 260.17401pt.


[16] (./Tab2.tex)

[17<./Fig4-eps-converted-to.pdf>]
Package epstopdf Info: Source file: <Fig5.eps>
(epstopdf)                    date: 2026-05-29 04:57:46
(epstopdf)                    size: 43187 bytes
(epstopdf)             Output file: <Fig5-eps-converted-to.pdf>
(epstopdf)                    date: 2026-05-29 04:57:46
(epstopdf)                    size: 16323 bytes
(epstopdf)             Command: <repstopdf --outfile=Fig5-eps-converted-to.pdf Fig5.eps>
(epstopdf)             \includegraphics on input line 786.
Package epstopdf Info: Output file is already uptodate.
<Fig5-eps-converted-to.pdf, id=664, 722.7pt x 433.62pt>
File: Fig5-eps-converted-to.pdf Graphic file (type pdf)
<use Fig5-eps-converted-to.pdf>
Package luatex.def Info: Fig5-eps-converted-to.pdf  used on input line 786.
(luatex.def)             Requested size: 386.95894pt x 232.17297pt.
Package epstopdf Info: Source file: <Fig6.eps>
(epstopdf)                    date: 2026-05-29 04:57:46
(epstopdf)                    size: 6696 bytes
(epstopdf)             Output file: <Fig6-eps-converted-to.pdf>
(epstopdf)                    date: 2026-05-29 04:57:46
(epstopdf)                    size: 12691 bytes
(epstopdf)             Command: <repstopdf --outfile=Fig6-eps-converted-to.pdf Fig6.eps>
(epstopdf)             \includegraphics on input line 820.
Package epstopdf Info: Output file is already uptodate.
<Fig6-eps-converted-to.pdf, id=670, 505.89pt x 361.35pt>
File: Fig6-eps-converted-to.pdf Graphic file (type pdf)
<use Fig6-eps-converted-to.pdf>
Package luatex.def Info: Fig6-eps-converted-to.pdf  used on input line 820.
(luatex.def)             Requested size: 303.53633pt x 216.81168pt.
 (./Tab3.tex)

[18]

[19<./Fig5-eps-converted-to.pdf>]
<Fig7.pdf, id=703, 578.16pt x 433.62pt>
File: Fig7.pdf Graphic file (type pdf)
<use Fig7.pdf>
Package luatex.def Info: Fig7.pdf  used on input line 863.
(luatex.def)             Requested size: 321.65594pt x 241.23758pt.


[20<./Fig6-eps-converted-to.pdf>]

[21<./Fig7.pdf>]
Package epstopdf Info: Source file: <Fig8.eps>
(epstopdf)                    date: 2026-05-29 04:57:46
(epstopdf)                    size: 8826 bytes
(epstopdf)             Output file: <Fig8-eps-converted-to.pdf>
(epstopdf)                    date: 2026-05-29 04:57:46
(epstopdf)                    size: 16220 bytes
(epstopdf)             Command: <repstopdf --outfile=Fig8-eps-converted-to.pdf Fig8.eps>
(epstopdf)             \includegraphics on input line 917.
Package epstopdf Info: Output file is already uptodate.
<Fig8-eps-converted-to.pdf, id=770, 561.09625pt x 433.62pt>
File: Fig8-eps-converted-to.pdf Graphic file (type pdf)
<use Fig8-eps-converted-to.pdf>
Package luatex.def Info: Fig8-eps-converted-to.pdf  used on input line 917.
(luatex.def)             Requested size: 336.66034pt x 260.17401pt.


[22] (./Tab4.tex

[23<./Fig8-eps-converted-to.pdf>])

[24]
<Fig9.pdf, id=828, 578.16pt x 433.62pt>
File: Fig9.pdf Graphic file (type pdf)
<use Fig9.pdf>
Package luatex.def Info: Fig9.pdf  used on input line 979.
(luatex.def)             Requested size: 321.65594pt x 241.23758pt.


[25<./Fig9.pdf>]

[26] (./brexit.bbl

[27]
Underfull \hbox (badness 7379) in paragraph at lines 96--97
[]\TU/ppl/m/it/10.95 Maid-ment, Paul. 2019. ``Brexit and how Japanese com-pa-nies are nav-i-gat-ing its un-
 []


Underfull \hbox (badness 7186) in paragraph at lines 96--97
\TU/ppl/m/it/10.95 cer-tain-ties.'' Dig-i-tal Ar-ti-cle 23, Har-vard Busi-ness Re-view, [][]$\TU/lmtt/m/n/10.95 https://hbr.org/2019/03/
 []



[28])

[29] (./TabA1.tex)

[30] (./TabB2.tex
> Step: init table outer spec.
> Step: parse table options.
> Step: split table.
> Step: init table inner spec.
> Step: parse table inner spec.
> Step: execute table commands.
> Step: calculate cell and line sizes.


Package tabularray Warning: Table width is too small, need 2.90324pt more!

> Step: build the whole table.

Overfull \hbox (22.52722pt too wide) in paragraph at lines 46--47
 [][] 
 []

)

[31

]
<FigC1.pdf, id=946, 722.7pt x 361.35pt>
File: FigC1.pdf Graphic file (type pdf)
<use FigC1.pdf>
Package luatex.def Info: FigC1.pdf  used on input line 1114.
(luatex.def)             Requested size: 483.69684pt x 241.84961pt.


[32

<./FigC1.pdf>] (./TabD3.tex)

[33

] (./TabE4.tex) (./TabE5.tex)

[34

]

[35]
Package epstopdf Info: Source file: <FigF2.eps>
(epstopdf)                    date: 2026-05-29 04:57:46
(epstopdf)                    size: 8564 bytes
(epstopdf)             Output file: <FigF2-eps-converted-to.pdf>
(epstopdf)                    date: 2026-05-29 04:57:46
(epstopdf)                    size: 15487 bytes
(epstopdf)             Command: <repstopdf --outfile=FigF2-eps-converted-to.pdf FigF2.eps>
(epstopdf)             \includegraphics on input line 1198.
Package epstopdf Info: Output file is already uptodate.
<FigF2-eps-converted-to.pdf, id=998, 561.09625pt x 433.62pt>
File: FigF2-eps-converted-to.pdf Graphic file (type pdf)
<use FigF2-eps-converted-to.pdf>
Package luatex.def Info: FigF2-eps-converted-to.pdf  used on input line 1198.
(luatex.def)             Requested size: 336.66034pt x 260.17401pt.


[36

<./FigF2-eps-converted-to.pdf>]
Package epstopdf Info: Source file: <FigG3.eps>
(epstopdf)                    date: 2026-05-29 04:57:46
(epstopdf)                    size: 8589 bytes
(epstopdf)             Output file: <FigG3-eps-converted-to.pdf>
(epstopdf)                    date: 2026-05-29 04:57:46
(epstopdf)                    size: 15763 bytes
(epstopdf)             Command: <repstopdf --outfile=FigG3-eps-converted-to.pdf FigG3.eps>
(epstopdf)             \includegraphics on input line 1230.
Package epstopdf Info: Output file is already uptodate.
<FigG3-eps-converted-to.pdf, id=1022, 561.09625pt x 433.62pt>
File: FigG3-eps-converted-to.pdf Graphic file (type pdf)
<use FigG3-eps-converted-to.pdf>
Package luatex.def Info: FigG3-eps-converted-to.pdf  used on input line 1230.
(luatex.def)             Requested size: 336.66034pt x 260.17401pt.


[37

<./FigG3-eps-converted-to.pdf>]
Package epstopdf Info: Source file: <FigH4.eps>
(epstopdf)                    date: 2026-05-29 04:57:46
(epstopdf)                    size: 10506 bytes
(epstopdf)             Output file: <FigH4-eps-converted-to.pdf>
(epstopdf)                    date: 2026-05-29 04:57:46
(epstopdf)                    size: 16685 bytes
(epstopdf)             Command: <repstopdf --outfile=FigH4-eps-converted-to.pdf FigH4.eps>
(epstopdf)             \includegraphics on input line 1264.
Package epstopdf Info: Output file is already uptodate.
<FigH4-eps-converted-to.pdf, id=1054, 561.09625pt x 433.62pt>
File: FigH4-eps-converted-to.pdf Graphic file (type pdf)
<use FigH4-eps-converted-to.pdf>
Package luatex.def Info: FigH4-eps-converted-to.pdf  used on input line 1264.
(luatex.def)             Requested size: 308.60388pt x 238.49173pt.
 (./TabH6.tex)

[38

]

[39<./FigH4-eps-converted-to.pdf>] (./brexit.aux)
 ***********
LaTeX2e <2024-11-01> patch level 2
L3 programming layer <2025-01-18>
 ***********


LaTeX Font Warning: Some font shapes were not available, defaults substituted.

Package rerunfilecheck Info: File `brexit.out' has not changed.
(rerunfilecheck)             Checksum: 11B50C21C1DCA8B607CFB2E7F060D9EE;7490.
)

Here is how much of LuaTeX's memory you used:
 28238 strings out of 475506
 195340,1373583 words of node,token memory allocated
 1390 words of node memory still in use:
   7 hlist, 2 vlist, 2 rule, 44 glue, 4 kern, 1 glyph, 108 attribute, 64 glue_spec, 108 attribute_list, 2 write, 22 pdf_action nodes
   avail lists: 2:4144,3:471,4:175,5:739,6:229,7:13910,8:98,9:3171,10:29,11:1156
 50107 multiletter control sequences out of 65536+600000
 183 fonts using 11590447 bytes
 84i,17n,101p,2531b,1464s stack positions out of 10000i,1000n,20000p,200000b,200000s
</usr/local/texlive/2025/texmf-dist/fonts/opentype/public/lm/lmmono10-regular.otf>{/usr/local/texlive/2025/texmf-dist/fonts/enc/dvips/base/8r.enc}</usr/local/texlive/2025/texmf-dist/fonts/opentype/public/lm/lmmono9-regular.otf></usr/local/texlive/2025/texmf-dist/fonts/opentype/public/lm/lmroman9-regular.otf></usr/local/texlive/2025/texmf-dist/fonts/opentype/public/lm/lmroman7-regular.otf></usr/local/texlive/2025/texmf-dist/fonts/opentype/public/lm/lmroman8-regular.otf></usr/local/texlive/2025/texmf-dist/fonts/opentype/public/lm/lmroman10-regular.otf></usr/local/texlive/2025/texmf-dist/fonts/opentype/public/lm/lmroman12-regular.otf></usr/local/texlive/2025/texmf-dist/fonts/type1/public/amsfonts/cm/cmex10.pfb></usr/local/texlive/2025/texmf-dist/fonts/type1/public/amsfonts/cm/cmmi10.pfb></usr/local/texlive/2025/texmf-dist/fonts/type1/public/amsfonts/cm/cmr10.pfb></usr/local/texlive/2025/texmf-dist/fonts/type1/public/amsfonts/cm/cmsy10.pfb></usr/local/texlive/2025/texmf-dist/fonts/type1/public/mathpazo/fplmbb.pfb></usr/local/texlive/2025/texmf-dist/fonts/type1/public/mathpazo/fplmbi.pfb></usr/local/texlive/2025/texmf-dist/fonts/type1/public/mathpazo/fplmr.pfb></usr/local/texlive/2025/texmf-dist/fonts/type1/public/mathpazo/fplmri.pfb></usr/local/texlive/2025/texmf-dist/fonts/type1/urw/palatino/uplb8a.pfb></usr/local/texlive/2025/texmf-dist/fonts/type1/urw/palatino/uplr8a.pfb></usr/local/texlive/2025/texmf-dist/fonts/type1/urw/palatino/uplri8a.pfb>
Output written on brexit.pdf (40 pages, 948097 bytes).

PDF statistics: 1180 PDF objects out of 1200 (max. 8388607)
 1040 compressed objects within 11 object streams
 213 named destinations out of 1000 (max. 131072)
 304 words of extra memory for PDF output out of 10000 (max. 100000000)

