\BOOKMARK [1][-]{section.1}{\376\377\000I\000n\000t\000r\000o\000d\000u\000c\000t\000i\000o\000n}{}% 1
\BOOKMARK [1][-]{section.2}{\376\377\000A\000\040\000s\000i\000m\000p\000l\000e\000\040\000m\000o\000d\000e\000l\000\040\000o\000f\000\040\000F\000D\000I\000\040\000w\000i\000t\000h\000\040\000s\000u\000n\000k\000\040\000c\000o\000s\000t\000s}{}% 2
\BOOKMARK [2][-]{subsection.2.1}{\376\377\000B\000a\000c\000k\000g\000r\000o\000u\000n\000d}{section.2}% 3
\BOOKMARK [2][-]{subsection.2.2}{\376\377\000F\000D\000I\000\040\000d\000y\000n\000a\000m\000i\000c\000s\000\040\000w\000i\000t\000h\000\040\000s\000u\000n\000k\000\040\000c\000o\000s\000t\000s}{section.2}% 4
\BOOKMARK [2][-]{subsection.2.3}{\376\377\000P\000o\000l\000i\000c\000y\000\040\000u\000n\000c\000e\000r\000t\000a\000i\000n\000t\000y\000\040\000a\000n\000d\000\040\000t\000h\000e\000\040\000o\000p\000t\000i\000o\000n\000\040\000v\000a\000l\000u\000e\000\040\000o\000f\000\040\000w\000a\000i\000t\000i\000n\000g}{section.2}% 5
\BOOKMARK [1][-]{section.3}{\376\377\000D\000a\000t\000a\000\040\000a\000n\000d\000\040\000p\000r\000e\000l\000i\000m\000i\000n\000a\000r\000y\000\040\000a\000n\000a\000l\000y\000s\000i\000s\000\040}{}% 6
\BOOKMARK [2][-]{subsection.3.1}{\376\377\000T\000h\000e\000\040\000O\000v\000e\000r\000s\000e\000a\000s\000\040\000J\000a\000p\000a\000n\000e\000s\000e\000\040\000C\000o\000m\000p\000a\000n\000i\000e\000s\000\040\000D\000a\000t\000a}{section.3}% 7
\BOOKMARK [2][-]{subsection.3.2}{\376\377\000P\000r\000e\000l\000i\000m\000i\000n\000a\000r\000y\000\040\000a\000n\000a\000l\000y\000s\000i\000s}{section.3}% 8
\BOOKMARK [1][-]{section.4}{\376\377\000E\000m\000p\000i\000r\000i\000c\000a\000l\000\040\000m\000e\000t\000h\000o\000d\000\040}{}% 9
\BOOKMARK [2][-]{subsection.4.1}{\376\377\000T\000w\000o\000-\000w\000a\000y\000\040\000f\000i\000x\000e\000d\000\040\000e\000f\000f\000e\000c\000t\000s\000\040\000\050\000T\000W\000F\000E\000\051\000\040\000m\000o\000d\000e\000l}{section.4}% 10
\BOOKMARK [3][-]{subsubsection.4.1.1}{\376\377\000S\000p\000e\000c\000i\000f\000i\000c\000a\000t\000i\000o\000n}{subsection.4.1}% 11
\BOOKMARK [3][-]{subsubsection.4.1.2}{\376\377\000I\000d\000e\000n\000t\000i\000f\000y\000i\000n\000g\000\040\000a\000s\000s\000u\000m\000p\000t\000i\000o\000n\000s}{subsection.4.1}% 12
\BOOKMARK [2][-]{subsection.4.2}{\376\377\000E\000x\000t\000e\000n\000d\000e\000d\000\040\000t\000w\000o\000-\000w\000a\000y\000\040\000f\000i\000x\000e\000d\000\040\000e\000f\000f\000e\000c\000t\000s\000\040\000m\000o\000d\000e\000l}{section.4}% 13
\BOOKMARK [2][-]{subsection.4.3}{\376\377\000N\000o\000n\000l\000i\000n\000e\000a\000r\000\040\000D\000i\000D}{section.4}% 14
\BOOKMARK [3][-]{subsubsection.4.3.1}{\376\377\000P\000o\000o\000l\000e\000d\000\040\000l\000o\000g\000i\000t\000\040\000Q\000M\000L\000E\000\040\000D\000i\000D\000\040\000f\000o\000r\000\040\000e\000x\000i\000t}{subsection.4.3}% 15
\BOOKMARK [3][-]{subsubsection.4.3.2}{\376\377\000P\000o\000o\000l\000e\000d\000\040\000P\000o\000i\000s\000s\000o\000n\000\040\000Q\000M\000L\000E\000\040\000D\000i\000D\000\040\000f\000o\000r\000\040\000e\000n\000t\000r\000y}{subsection.4.3}% 16
\BOOKMARK [2][-]{subsection.4.4}{\376\377\000S\000y\000n\000t\000h\000e\000t\000i\000c\000\040\000D\000i\000D}{section.4}% 17
\BOOKMARK [1][-]{section.5}{\376\377\000A\000g\000g\000r\000e\000g\000a\000t\000e\000\040\000e\000n\000t\000r\000y\000-\000e\000x\000i\000t\000\040\000b\000e\000n\000c\000h\000m\000a\000r\000k}{}% 18
\BOOKMARK [1][-]{section.6}{\376\377\000A\000f\000f\000i\000l\000i\000a\000t\000e\000\040\000e\000x\000i\000t\000\040\000r\000e\000s\000p\000o\000n\000s\000e\000s\000\040}{}% 19
\BOOKMARK [2][-]{subsection.6.1}{\376\377\000B\000a\000s\000e\000l\000i\000n\000e\000\040\000r\000e\000s\000u\000l\000t\000s}{section.6}% 20
\BOOKMARK [2][-]{subsection.6.2}{\376\377\000E\000x\000t\000e\000n\000d\000e\000d\000\040\000t\000w\000o\000-\000w\000a\000y\000\040\000f\000i\000x\000e\000d\000\040\000e\000f\000f\000e\000c\000t\000s\000\040\000m\000o\000d\000e\000l}{section.6}% 21
\BOOKMARK [2][-]{subsection.6.3}{\376\377\000P\000o\000o\000l\000e\000d\000\040\000L\000o\000g\000i\000t\000\040\000Q\000M\000L\000E\000\040\000D\000i\000D\000\040\000f\000o\000r\000\040\000E\000x\000i\000t}{section.6}% 22
\BOOKMARK [2][-]{subsection.6.4}{\376\377\000S\000y\000n\000t\000h\000e\000t\000i\000c\000\040\000D\000i\000D}{section.6}% 23
\BOOKMARK [2][-]{subsection.6.5}{\376\377\000A\000s\000s\000e\000t\000\040\000s\000p\000e\000c\000i\000f\000i\000c\000i\000t\000y}{section.6}% 24
\BOOKMARK [1][-]{section.7}{\376\377\000T\000h\000e\000\040\000i\000m\000p\000a\000c\000t\000s\000\040\000o\000n\000\040\000t\000h\000e\000\040\000n\000e\000w\000\040\000e\000n\000t\000r\000y\000\040}{}% 25
\BOOKMARK [2][-]{subsection.7.1}{\376\377\000P\000o\000o\000l\000e\000d\000\040\000P\000o\000i\000s\000s\000o\000n\000\040\000Q\000M\000L\000E\000\040\000D\000i\000D\000\040\000f\000o\000r\000\040\000E\000n\000t\000r\000y}{section.7}% 26
\BOOKMARK [2][-]{subsection.7.2}{\376\377\000S\000y\000n\000t\000h\000e\000t\000i\000c\000\040\000D\000i\000D}{section.7}% 27
\BOOKMARK [1][-]{section.8}{\376\377\000C\000o\000n\000c\000l\000u\000s\000i\000o\000n}{}% 28
\BOOKMARK [1][-]{appendix.A}{\376\377\000C\000o\000u\000n\000t\000r\000y\000\040\000l\000i\000s\000t}{}% 29
\BOOKMARK [1][-]{appendix.B}{\376\377\000D\000e\000s\000c\000r\000i\000p\000t\000i\000v\000e\000\040\000s\000t\000a\000t\000i\000s\000t\000i\000c\000s}{}% 30
\BOOKMARK [1][-]{appendix.C}{\376\377\000L\000o\000c\000a\000t\000i\000o\000n\000\040\000o\000f\000\040\000J\000a\000p\000a\000n\000e\000s\000e\000\040\000a\000f\000f\000i\000l\000i\000a\000t\000e\000s\000\040\000i\000n\000\040\000E\000u\000r\000o\000p\000e\000\040\000b\000e\000f\000o\000r\000e\000\040\000a\000n\000d\000\040\000a\000f\000t\000e\000r\000\040\000t\000h\000e\000\040\000B\000r\000e\000x\000i\000t\000\040\000r\000e\000f\000e\000r\000e\000n\000d\000u\000m}{}% 31
\BOOKMARK [1][-]{appendix.D}{\376\377\000S\000y\000n\000t\000h\000e\000t\000i\000c\000\040\000D\000i\000D\000\040\000C\000o\000n\000t\000r\000o\000l\000\040\000U\000n\000i\000t\000\040\000W\000e\000i\000g\000h\000t\000s}{}% 32
\BOOKMARK [1][-]{appendix.E}{\376\377\000A\000s\000s\000e\000t\000\040\000S\000p\000e\000c\000i\000f\000i\000c\000i\000t\000y}{}% 33
\BOOKMARK [1][-]{appendix.F}{\376\377\000A\000f\000f\000i\000l\000i\000a\000t\000e\000-\000l\000e\000v\000e\000l\000\040\000e\000x\000i\000t\000\040\000r\000e\000s\000p\000o\000n\000s\000e\000s\000\040\000b\000y\000\040\000p\000a\000r\000e\000n\000t\000-\000l\000e\000v\000e\000l\000\040\000U\000K\000\040\000e\000x\000p\000o\000s\000u\000r\000e}{}% 34
\BOOKMARK [1][-]{appendix.G}{\376\377\000A\000f\000f\000i\000l\000i\000a\000t\000e\000-\000l\000e\000v\000e\000l\000\040\000e\000x\000i\000t\000\040\000r\000e\000s\000p\000o\000n\000s\000e\000s\000\040\000b\000y\000\040\000t\000h\000e\000\040\000n\000u\000m\000b\000e\000r\000\040\000o\000f\000\040\000U\000K\000\040\000a\000f\000f\000i\000l\000i\000a\000t\000e\000s\000\040\000w\000i\000t\000h\000i\000n\000\040\000p\000a\000r\000e\000n\000t\000\040\000f\000i\000r\000m\000s}{}% 35
\BOOKMARK [1][-]{appendix.H}{\376\377\000E\000x\000i\000t\000\040\000a\000n\000d\000\040\000e\000n\000t\000r\000y\000\040\000r\000e\000s\000p\000o\000n\000s\000e\000s\000\040\000b\000y\000\040\000B\000r\000e\000x\000i\000t\000\040\000M\000F\000N\000\040\000r\000i\000s\000k\000\040\000e\000x\000p\000o\000s\000u\000r\000e}{}% 36
